============================================
 System Health Report for linux007-VirtualBox
 Generated on: Tue Aug  4 10:18:13 PM IST 2026
============================================

Disk Usage:
Filesystem           Size       Used       Avail      Use%   Mounted on
tmpfs           2.0G  3.0M  2.0G   1% /run
/dev/sda2        98G   17G   77G  18% /
devtmpfs        3.9G     0  3.9G   0% /dev
tmpfs           5.0G     0  5.0G   0% /dev/shm
none            1.0M     0  1.0M   0% /run/credentials/systemd-journald.service
none            1.0M     0  1.0M   0% /run/credentials/systemd-resolved.service
/dev/loop0      128K  128K     0 100% /snap/bare/5
/dev/loop2       20M   20M     0 100% /snap/desktop-security-center/150
/dev/loop1       67M   67M     0 100% /snap/core24/1587
/dev/loop5      253M  253M     0 100% /snap/firefox/8633
/dev/loop4       20M   20M     0 100% /snap/desktop-security-center/151
/dev/loop3       67M   67M     0 100% /snap/core24/1643
/dev/loop6       17M   17M     0 100% /snap/firmware-updater/226
/dev/loop7      258M  258M     0 100% /snap/firefox/8664
/dev/loop8      607M  607M     0 100% /snap/gnome-46-2404/153
/dev/loop10      92M   92M     0 100% /snap/gtk-common-themes/1535
/dev/loop9      615M  615M     0 100% /snap/gnome-46-2404/164
/dev/loop11     395M  395M     0 100% /snap/mesa-2404/1165
/dev/loop12     402M  402M     0 100% /snap/mesa-2404/1839
/dev/loop13      19M   19M     0 100% /snap/prompting-client/204
/dev/loop14      19M   19M     0 100% /snap/prompting-client/222
/dev/loop15      50M   50M     0 100% /snap/snapd/26865
/dev/loop16      16M   16M     0 100% /snap/snap-store/1367
/dev/loop17      51M   51M     0 100% /snap/snapd/27591
/dev/loop18     896K  896K     0 100% /snap/snapd-desktop-integration/387
tmpfs           5.0G  8.0K  5.0G   1% /tmp
/dev/loop19     896K  896K     0 100% /snap/snapd-desktop-integration/391
tmpfs          1017M  112K 1017M   1% /run/user/1000
/dev/sr0         52M   52M     0 100% /run/media/linux007/VBox_GAs_7.2.12

CPU Load (1/5/15 min average):
   0.60, 0.98, 1.00

Memory Usage:
  total      used       free       shared     buff/cache available 
  Mem:       9.9Gi      3.4Gi      2.2Gi      85Mi       4.1Gi     
  Swap:      4.0Gi      0B         4.0Gi                           

Failed Systemd Services:
  No failed services.

Top 5 Memory Consuming Processes:
  USER       PID    %CPU   %MEM   COMMAND
  linux007   5492   18.2   9.4    /snap/firefox/8664/usr/lib/firefox/firefox
  linux007   6253   7.7    6.2    /snap/firefox/8664/usr/lib/firefox/firefox -contentproc -isF
  linux007   11552  2.6    5.6    /snap/snap-store/1367/bin/snap-store
  linux007   8611   4.0    4.8    /snap/firefox/8664/usr/lib/firefox/firefox -contentproc -isF
  linux007   3545   21.6   4.4    /usr/bin/gnome-shell --mode=ubuntu

Top 5 CPU Consuming Processes:
  USER       PID    %CPU   %MEM   COMMAND
  linux007   3545   21.6   4.4    /usr/bin/gnome-shell --mode=ubuntu
  linux007   5492   18.2   9.4    /snap/firefox/8664/usr/lib/firefox/firefox
  linux007   12936  11.1   0.0    bash health.sh
  linux007   6253   7.7    6.2    /snap/firefox/8664/usr/lib/firefox/firefox -contentproc -isF
  linux007   8611   4.0    4.8    /snap/firefox/8664/usr/lib/firefox/firefox -contentproc -isF

System Uptime:
  up 1 hour, 50 minutes

Available Package Updates:
  bpftool/resolute-updates 7.7.0+7.0.0-29.29 amd64 [upgradable from: 7.7.0+7.0.0-28.28]
  linux-generic-hwe-24.04/resolute-updates 7.0.0-29.29 amd64 [upgradable from: 7.0.0-28.28]
  linux-generic-hwe-26.04/resolute-updates 7.0.0-29.29 amd64 [upgradable from: 7.0.0-28.28]
  linux-headers-generic-hwe-26.04/resolute-updates 7.0.0-29.29 amd64 [upgradable from: 7.0.0-28.28]
  linux-image-generic-hwe-26.04/resolute-updates 7.0.0-29.29 amd64 [upgradable from: 7.0.0-28.28]
  linux-libc-dev/resolute-updates 7.0.0-29.29 amd64 [upgradable from: 7.0.0-28.28]
  linux-perf/resolute-updates 7.0.0-29.29 amd64 [upgradable from: 7.0.0-28.28]
  linux-tools-common/resolute-updates 7.0.0-29.29 all [upgradable from: 7.0.0-28.28]
  python3-software-properties/resolute-updates 0.120.1 all [upgradable from: 0.120]
  software-properties-common/resolute-updates 0.120.1 all [upgradable from: 0.120]
  ubuntu-desktop-minimal/resolute-updates 1.570.2 amd64 [upgradable from: 1.570]

End of Report
